<html>
<body>
<pre>
<h1>µVision Build Log</h1>
<h2>Tool Versions:</h2>
IDE-Version: ¶ÃVision V5.25.2.0
Copyright (C) 2018 ARM Ltd and ARM Germany GmbH. All rights reserved.
License Information: Jingyu Tu, Beihang University, LIC=RC93N-YXSE0-LQL0Q-NR225-YCSL4-0JJSK
 
Tool Versions:
Toolchain:       MDK-ARM Plus  Version: 5.25.2.0
Toolchain Path:  D:\2026summer\MDK\MDK\ARM\ARMCC\Bin
C Compiler:      Armcc.exe V5.06 update 6 (build 750)
Assembler:       Armasm.exe V5.06 update 6 (build 750)
Linker/Locator:  ArmLink.exe V5.06 update 6 (build 750)
Library Manager: ArmAr.exe V5.06 update 6 (build 750)
Hex Converter:   FromElf.exe V5.06 update 6 (build 750)
CPU DLL:         SARMCM3.DLL V5.25.2.0
Dialog DLL:      DCM.DLL V1.17.1.0
Target DLL:      STLink\ST-LINKIII-KEIL_SWO.dll V3.0.1.0
Dialog DLL:      TCM.DLL V1.35.1.0
 
<h2>Project:</h2>
D:\2026summer\MDK\2_¥Æø⁄ ’∑¢¥Ú”°\3_≥¨…˘≤®±‹’œ\USER\Template.uvprojx
Project File Date:  09/03/2026

<h2>Output:</h2>
*** Using Compiler 'V5.06 update 6 (build 750)', folder: 'D:\2026summer\MDK\MDK\ARM\ARMCC\Bin'
Build target 'Template'
compiling soft_uart_rx.c...
soft_uart_rx.h(11): warning:  #1-D: last line of file ends without a newline
  #endif
..\SYSTEM\delay\delay.h(10): warning:  #1-D: last line of file ends without a newline
  #endif
soft_uart_rx.c(69): warning:  #1-D: last line of file ends without a newline
  }
soft_uart_rx.c: 3 warnings, 0 errors
compiling main.c...
..\SYSTEM\delay\delay.h(10): warning:  #1-D: last line of file ends without a newline
  #endif
motor.h(16): warning:  #1-D: last line of file ends without a newline
  #endif
soft_uart_rx.h(11): warning:  #1-D: last line of file ends without a newline
  #endif
main.c(54): warning:  #223-D: function "Control_Stop" declared implicitly
      Control_Stop();
main.c(64): warning:  #1-D: last line of file ends without a newline
  }
main.c: 5 warnings, 0 errors
linking...
Program Size: Code=4004 RO-data=336 RW-data=56 ZI-data=608  
FromELF: creating hex file...
"..\OBJ\Template.axf" - 0 Error(s), 8 Warning(s).

<h2>Software Packages used:</h2>

Package Vendor: Keil
                http://www.keil.com/pack/Keil.STM32F1xx_DFP.1.0.5.pack
                Keil.STM32F1xx_DFP.1.0.5
                STMicroelectronics STM32F1 Series Device Support, Drivers and Examples

<h2>Collection of Component include folders:</h2>
  .\RTE\_Template
  D:\2026summer\MDK\MDK\ARM\PACK\Keil\STM32F1xx_DFP\1.0.5\Device\Include

<h2>Collection of Component Files used:</h2>
Build Time Elapsed:  00:00:03
</pre>
</body>
</html>
